// Jest Snapshot v1, https://goo.gl/fbAQLP

exports[`Can show Todo 1`] = `
<section
  className="app"
>
  <h1>
    Todos
  </h1>
  <header
    className="todoHeader"
  >
    <input
      checked={false}
      className="unchecked"
      onChange={[Function]}
      type="checkbox"
    />
    <form
      onSubmit={[Function]}
    >
      <input
        className="edit"
        onChange={[Function]}
        placeholder="What needs to be done?"
        type="text"
        value=""
      />
    </form>
    <div />
  </header>
  <section
    className="main"
  >
    <ul
      className="todoItems"
    >
      <li>
        <div
          className="active"
        >
          <input
            checked={undefined}
            className="unchecked"
            onChange={[Function]}
            type="checkbox"
          />
          <div
            className="labelEditor"
          >
            <div
              contentEditable={false}
              onDoubleClick={[Function]}
              onKeyDown={[Function]}
            >
              Style & compose all components
            </div>
          </div>
          <button
            className="removeButton"
            onClick={[Function]}
          >
            ×
          </button>
        </div>
      </li>
      <li>
        <div
          className="completed"
        >
          <input
            checked={true}
            className="checked"
            onChange={[Function]}
            type="checkbox"
          />
          <div
            className="labelEditor"
          >
            <div
              contentEditable={false}
              onDoubleClick={[Function]}
              onKeyDown={[Function]}
            >
              App Init
            </div>
          </div>
          <button
            className="removeButton"
            onClick={[Function]}
          >
            ×
          </button>
        </div>
      </li>
      <li>
        <div
          className="active"
        >
          <input
            checked={undefined}
            className="unchecked"
            onChange={[Function]}
            type="checkbox"
          />
          <div
            className="labelEditor"
          >
            <div
              contentEditable={false}
              onDoubleClick={[Function]}
              onKeyDown={[Function]}
            >
              Copy Styles one on one
            </div>
          </div>
          <button
            className="removeButton"
            onClick={[Function]}
          >
            ×
          </button>
        </div>
      </li>
    </ul>
  </section>
  <footer
    className="todoFooter"
  >
    <div
      className="itemCounter"
    >
      <span>
        2
         
        items
         left
      </span>
    </div>
    <ul
      className="buttonBar"
    >
      <li
        className="listItem"
        onClick={[Function]}
      >
        <a
          className="filterButton"
          href="/#ALL"
          name="ALL"
        >
          All
        </a>
      </li>
      <li
        className="listItem"
        onClick={[Function]}
      >
        <a
          className="filterButton"
          href="/#ACTIVE"
          name="ACTIVE"
        >
          Active
        </a>
      </li>
      <li
        className="listItem"
        onClick={[Function]}
      >
        <a
          className="filterButton"
          href="/#COMPLETED"
          name="COMPLETED"
        >
          Completed
        </a>
      </li>
    </ul>
    <button
      className="clearCompletedButton"
      onClick={[Function]}
    >
      Clear completed
    </button>
  </footer>
</section>
`;
